[1, 8]  unexpected token RCURLY
[1, 7]  try inserting HAS_TYPE
