[1, 7]  unexpected token RPAREN
[1, 6]  try inserting ELEMENT_SEPARATOR
