1 1
2 99
#x.y{1} = [1, 2, 3];
#x{1}.y = (int, $u, @([int] -> (({int}, {f1 : float, f2 : float}), {{@((int, int) -> ())}})), ?*) -> ();
