[1, 12]  unexpected token ARROW
Cannot recover from the syntax error
