[1, 8]  unexpected token RPAREN
[1, 7]  try inserting ARROW
