[1, 8]  unexpected token UNION
[1, 6]  try inserting RSQUARE
[1, 11]  unexpected token RSQUARE
[1, 11]  try deleting RSQUARE
