[1, 7]  unexpected token STMT_TERMINATOR
[1, 6]  try inserting ARROW
