[1, 6]  unexpected token LPAREN
Cannot recover from the syntax error
