1 1
6 17
x : a -> b & c -> d;
x : [a] | {b};
x : (a -> b) | (c & d);
x : {(a -> b) | (c & d)};
x : a & b -> c;
x : (a | b) -> c;
