[1, 10]  unexpected token ELEMENT_SEPARATOR
[1, 10]  try replacing with ARROW
[1, 19]  unexpected token ARROW
[1, 17]  try inserting UNION
