NUMBER 2 1 1 =0
NUMBER 3 1 1 =1
IDENTIFIER 4 1 4 =blah
DOT 5 1 1
STMT_TERMINATOR 6 1 1
ELEMENT_SEPARATOR 7 1 1
SIZE_OF 8 1 1
EQ 9 1 1
HAS_TYPE 10 1 1
LPAREN 11 1 1
RPAREN 12 1 1
LCURLY 13 1 1
RCURLY 14 1 1
LSQUARE 15 1 1
RSQUARE 16 1 1
VARARG_MODIFIER 17 1 1
HANDLE_MODIFIER 18 1 1
TYPE_VAR_MODIFIER 19 1 1
UNKNOWN_TYPE 20 1 1
IS_SCALAR 21 1 1
IS_NOT_SCALAR 22 1 1
ARROW 23 1 2
