[14, 11]  unexpected token PLUS
[14, 11]  try replacing with COLON
