for i = 1:10
    t1 = foo();
    t2 = size(t1);
    t3 = prod(t2(2:end));
    for t4 = 1:t3
        j = t1(:,t4);
        bar(i,j);
    end
end
