
A = 1:10;
t0 = A;
t1 = size(t0);
t2 = prod(t1(2:end));
for t3 = 1:t2
    i = t0(:,t3);
    i
end
