
a = 3;
b(a) = 4;
t2 = foo(bar(b));
c(t2) = foo();
for( i = 1:3 )
  t3 = foo(a);
  t4 = bar(b);
  t5 = foo();
  d(t3).e(t4).f(t5) = bar();
end
