
a = foo();
[t1, t2] = foo();
b(1) = t1;
c(1) = t2;
d = foo();
