
[a, t1, t2, t3] = foo();
b(a) = t1;
a = t2;
c(b(a)) = t3;
