
[t1, t2, t3] = foo();
a.b = t1;
c(18) = t2;
d(4).e = t3;
