1 1
5 6
a = ((M') + (M'))
@handle
global x y
persistent x;
return
