[1, 5]  unexpected token DOT
[1, 4]  try inserting EOF
