1 1
35 7
(a + b);
(a - b);
(a * b);
(a / b);
(a \ b);
(a ^ b);

((a + b) + c);
((a - b) - c);
((a * b) * c);
((a / b) / c);
((a \ b) \ c);
((a ^ b) ^ c);

(a .* b);
(a ./ b);
(a .\ b);
(a .^ b);

((a .* b) .* c);
((a ./ b) ./ c);
((a .\ b) .\ c);
((a .^ b) .^ c);

(a & b);
(a | b);
(a && b);
(a || b);

(a == b);
(a ~= b);
(a < b);
(a > b);
(a <= b);
(a >= b);
