1 1
18 4
%extracomment
function  [y] = fcn1(x)
y = 1;
end
function  [y] = fcn2()
y = 2;
end
function  [y, z] = fcn3(a)
y = (a + 1);

%comment1
z = y;
y = z;
function  [q] = fcn4()
q = 3

end
function  [r] = fcn5()

%comment2
r = 7
end
end
function  [] = fcn6()
%%helpcomment1
end
