1 1
21 3
classdef (hidden = true) myClass < double & int32
properties 
abc = []
xyz = 10
end
methods (abc = false, xyz = true) 
[p] = q(s, t)
function [obj] = abc()
end
function [obj] = myClass(a, b)
obj.abc = a
obj.xyz = b
end
end
events (hidden = true) 
ping
end
events 
pong
end
end