[1, 3]  unexpected token RPAREN
[1, 1]  try inserting LPAREN