1 1
5 20
a = (@() 1)
b = (@(x) x)
c = (@(x, y) (y - x))
d = (@(x, y) (y - x))
d = (@(x, y) (@(x) x))
