PLUS 1 1 1
LINE_TERMINATOR 1 2 1
MINUS 2 1 1
LINE_TERMINATOR 2 2 1
MTIMES 3 1 1
LINE_TERMINATOR 3 2 1
ETIMES 4 1 2
LINE_TERMINATOR 4 3 1
MDIV 5 1 1
LINE_TERMINATOR 5 2 1
EDIV 6 1 2
LINE_TERMINATOR 6 3 1
MLDIV 7 1 1
LINE_TERMINATOR 7 2 1
ELDIV 8 1 2
LINE_TERMINATOR 8 3 1
MPOW 9 1 1
LINE_TERMINATOR 9 2 1
EPOW 10 1 2
LINE_TERMINATOR 10 3 1
MTRANSPOSE 11 1 1
LINE_TERMINATOR 11 2 1
ARRAYTRANSPOSE 12 1 2
LINE_TERMINATOR 12 3 1
LE 13 1 2
LINE_TERMINATOR 13 3 1
GE 14 1 2
LINE_TERMINATOR 14 3 1
LT 15 1 1
LINE_TERMINATOR 15 2 1
GT 16 1 1
LINE_TERMINATOR 16 2 1
EQ 17 1 2
LINE_TERMINATOR 17 3 1
NE 18 1 2
LINE_TERMINATOR 18 3 1
AND 19 1 1
LINE_TERMINATOR 19 2 1
OR 20 1 1
LINE_TERMINATOR 20 2 1
NOT 21 1 1
LINE_TERMINATOR 21 2 1
SHORTAND 22 1 2
LINE_TERMINATOR 22 3 1
SHORTOR 23 1 2
