LAMBDA 1 1 1
x IDENTIFIER 1 3 1
ARG_BODY_SEP 1 5 2
x IDENTIFIER 1 8 1