ELLIPSIS_COMMENT 1 1 5 =...
ELLIPSIS_COMMENT 2 1 23 =... blah blah blah ..
