HELP_COMMENT 1 1 7 =%%help1
LINE_TERMINATOR 1 8 1
HELP_COMMENT 2 1 7 =%%help1
LINE_TERMINATOR 2 8 1
HELP_COMMENT 3 3 7 =%%help1
LINE_TERMINATOR 3 10 1
LINE_TERMINATOR 4 1 1
# COMMENT 5 1 10 =% comment1
LINE_TERMINATOR 5 11 1
# COMMENT 6 1 10 =% comment2
LINE_TERMINATOR 6 11 1
LINE_TERMINATOR 7 1 1
HELP_COMMENT 8 1 7 =%%help2
LINE_TERMINATOR 8 8 1
HELP_COMMENT 9 1 7 =%%help2
LINE_TERMINATOR 9 8 1
LINE_TERMINATOR 10 1 1
# COMMENT 11 1 3 =% %
LINE_TERMINATOR 11 4 1
LINE_TERMINATOR 12 1 1
# BRACKET_COMMENT 13 3 2 =%{%}
LINE_TERMINATOR 13 5 1
# BRACKET_COMMENT 14 4 2 =%{ %}
LINE_TERMINATOR 14 6 1
# BRACKET_COMMENT 16 1 2 =%{\n%}
LINE_TERMINATOR 16 3 1
# BRACKET_COMMENT 17 7 2 =%{%{%}%}
LINE_TERMINATOR 17 9 1
# BRACKET_COMMENT 18 11 2 =%{%{%}%{%}%}
LINE_TERMINATOR 18 13 1
BRACKET_HELP_COMMENT 19 4 2 =%%{%}
LINE_TERMINATOR 19 6 1
BRACKET_HELP_COMMENT 20 8 2 =%%{%{%}%}
LINE_TERMINATOR 20 10 1
BRACKET_HELP_COMMENT 21 9 2 =%%{%%{%}%}
LINE_TERMINATOR 21 11 1
# BRACKET_COMMENT 22 8 2 =%{%%{%}%}
