>>>> Destination Language -> Source Language
[1, 1] -> (1, 1)
[1, 2] -> (1, 2)
[1, 3] -> (1, 3)
[1, 4] -> (1, 4)
[1, 5] -> (1, 5)
[1, 6] -> (1, 6)
[1, 7] -> (1, 7)
[1, 8] -> (1, 8)
[1, 9] -> (1, 9)
[1, 10] -> (1, 10)
[1, 11] -> (1, 11)
[1, 12] -> (1, 12)
[1, 13] -> (1, 13)
[1, 14] -> (1, 14)
[1, 15] -> (1, 15)
[1, 16] -> (1, 16)
[1, 17] -> (1, 17)
[1, 18] -> (1, 18)
[1, 19] -> (1, 19)
[1, 20] -> (1, 20)
[1, 21] -> (1, 21)
[2, 1] -> (2, 1)
[2, 2] -> (2, 2)
[2, 3] -> (2, 3)
[2, 4] -> (2, 4)
[2, 5] -> (2, 5)
[2, 6] -> (2, 6)
[2, 7] -> (2, 7)
[2, 8] -> (2, 8)
[2, 9] -> (2, 9)
[3, 1] -> (3, 1)
[3, 2] -> (3, 2)
[3, 3] -> (3, 3)
[3, 4] -> (3, 3)
[4, 1] -> (3, 3)
[5, 1] -> (3, 5)
[5, 2] -> (3, 6)
[5, 3] -> (3, 7)
[5, 4] -> (3, 8)
[5, 5] -> (3, 9)
[5, 6] -> (3, 10)
[5, 7] -> (3, 11)
[5, 8] -> (3, 12)
[5, 9] -> (3, 13)
[5, 10] -> (3, 14)
[5, 11] -> (3, 15)
[5, 12] -> (3, 16)
[5, 13] -> (3, 17)
[5, 14] -> (3, 18)
[5, 15] -> (3, 19)
[5, 16] -> (3, 20)
[5, 17] -> (3, 21)
[5, 18] -> (3, 22)
[5, 19] -> (3, 23)
[5, 20] -> (3, 24)
[5, 21] -> (3, 25)
[5, 22] -> (3, 26)
[5, 23] -> (3, 27)
[5, 24] -> (3, 28)
[5, 25] -> (3, 29)
[5, 26] -> (3, 30)
[5, 27] -> (3, 31)
[5, 28] -> (3, 32)
[5, 29] -> (3, 33)
[5, 30] -> (3, 34)
[6, 1] -> (4, 1)
[6, 2] -> (4, 2)
[6, 3] -> (4, 3)
[6, 4] -> (4, 3)
[7, 1] -> (4, 3)
[8, 1] -> (5, 1)
[8, 2] -> (5, 2)
[8, 3] -> (5, 3)
[8, 4] -> (5, 4)
[8, 5] -> (5, 5)
[8, 6] -> (5, 6)
[8, 7] -> (5, 7)
[8, 8] -> (5, 8)
[8, 9] -> (5, 9)
[8, 10] -> (5, 10)
[8, 11] -> (5, 11)
[8, 12] -> (5, 12)
[8, 13] -> (5, 13)
[8, 14] -> (5, 14)
[8, 15] -> (5, 15)
[8, 16] -> (5, 16)
[8, 17] -> (5, 17)
[8, 18] -> (5, 18)
[8, 19] -> (5, 19)
[8, 20] -> (5, 20)
[8, 21] -> (5, 21)
[8, 22] -> (5, 22)
[8, 23] -> (5, 23)
[8, 24] -> (5, 24)
[8, 25] -> (5, 25)
[8, 26] -> (5, 26)
[9, 1] -> (6, 1)
[9, 2] -> (6, 2)
[9, 3] -> (6, 3)
[9, 4] -> (6, 4)
[9, 5] -> (6, 5)
[9, 6] -> (6, 6)
[9, 7] -> (6, 7)
[9, 8] -> (6, 8)
[9, 9] -> (6, 9)
[9, 10] -> (6, 10)
[9, 11] -> (6, 11)
[9, 12] -> (6, 12)
[9, 13] -> (6, 13)
[10, 1] -> (7, 1)
[10, 2] -> (7, 2)
[10, 3] -> (7, 3)
[10, 4] -> (7, 4)
[10, 5] -> (7, 5)
[10, 6] -> (7, 6)
[10, 7] -> (7, 7)
[10, 8] -> (7, 8)
[10, 9] -> (7, 9)
[10, 10] -> (7, 10)
[10, 11] -> (7, 11)
[10, 12] -> (7, 12)
[10, 13] -> (7, 13)
[10, 14] -> (7, 14)
[10, 15] -> (7, 15)
[10, 16] -> (7, 16)
[10, 17] -> (7, 17)
[10, 18] -> (7, 18)
[10, 19] -> (7, 19)
[10, 20] -> (7, 20)
[11, 1] -> (8, 1)
[11, 2] -> (8, 2)
[11, 3] -> (8, 3)
[11, 4] -> (8, 4)
[11, 5] -> (8, 5)
[11, 6] -> (8, 6)
[11, 7] -> (8, 7)
[11, 8] -> (8, 8)
[11, 9] -> (8, 9)
[11, 10] -> (8, 10)
[12, 1] -> (9, 1)
[12, 2] -> (9, 2)
[12, 3] -> (9, 3)
[12, 4] -> (9, 4)
[12, 5] -> (9, 5)
[12, 6] -> (9, 6)
[12, 7] -> (9, 7)
[12, 8] -> (9, 8)
[12, 9] -> (9, 9)
[12, 10] -> (9, 10)
[12, 11] -> (9, 11)
[12, 12] -> (9, 12)
[12, 13] -> (9, 13)
[12, 14] -> (9, 14)
[13, 1] -> (10, 1)
[13, 2] -> (10, 2)
[13, 3] -> (10, 3)
[13, 4] -> (10, 4)
[13, 5] -> (10, 5)
[13, 6] -> (10, 6)
[14, 1] -> (11, 1)
[14, 2] -> (11, 2)
[14, 3] -> (11, 3)
[14, 4] -> (11, 4)
[14, 5] -> (11, 5)
[14, 6] -> (11, 6)
[14, 7] -> (11, 7)
[14, 8] -> (11, 8)
[14, 9] -> (11, 9)
[14, 10] -> (11, 10)
[14, 11] -> (11, 11)
[14, 12] -> (11, 12)
[14, 13] -> (11, 13)
[14, 14] -> (11, 14)
[14, 15] -> (11, 15)
[14, 16] -> (11, 16)
[14, 17] -> (11, 17)
[14, 18] -> (11, 18)
[14, 19] -> (11, 19)
[14, 20] -> (11, 20)
[14, 21] -> (11, 21)
[14, 22] -> (11, 22)
[14, 23] -> (11, 23)
[14, 24] -> (11, 24)
[14, 25] -> (11, 25)
[14, 26] -> (11, 26)
[14, 27] -> (11, 27)
[15, 1] -> (12, 1)
[15, 2] -> (12, 2)
[15, 3] -> (12, 3)
[15, 4] -> (12, 4)
[15, 5] -> (12, 5)
[15, 6] -> (12, 6)
[15, 7] -> (12, 7)
[15, 8] -> (12, 8)
[15, 9] -> (12, 9)
[15, 10] -> (12, 10)
[15, 11] -> (12, 11)
[15, 12] -> (12, 12)
[15, 13] -> (12, 13)
[15, 14] -> (12, 14)
[16, 1] -> (13, 1)
[16, 2] -> (13, 2)
[16, 3] -> (13, 3)
[16, 4] -> (13, 4)
[16, 5] -> (13, 5)
[16, 6] -> (13, 6)
[16, 7] -> (13, 7)
[16, 8] -> (13, 8)
[16, 9] -> (13, 9)
[16, 10] -> (13, 10)
[17, 1] -> (14, 1)
[17, 2] -> (14, 2)
[17, 3] -> (14, 3)
[17, 4] -> (14, 4)
[17, 5] -> (14, 5)
[17, 6] -> (14, 6)
[17, 7] -> (14, 7)
[17, 8] -> (14, 8)
[17, 9] -> (14, 9)
[17, 10] -> (14, 10)
[17, 11] -> (14, 11)
[17, 12] -> (14, 12)
[17, 13] -> (14, 13)
[18, 1] -> (15, 1)
[18, 2] -> (15, 2)
[18, 3] -> (15, 3)
[18, 4] -> (15, 3)
[19, 1] -> (15, 3)
[20, 1] -> (16, 1)
[20, 2] -> (16, 2)
[20, 3] -> (16, 3)
[20, 4] -> (16, 4)
[20, 5] -> (16, 5)
[20, 6] -> (16, 6)
[20, 7] -> (16, 7)
[20, 8] -> (16, 8)
[20, 9] -> (16, 9)
[20, 10] -> (16, 10)
[20, 11] -> (16, 11)
[20, 12] -> (16, 12)
[20, 13] -> (16, 13)
[20, 14] -> (16, 14)
[21, 1] -> (17, 1)
[21, 2] -> (17, 2)
[21, 3] -> (17, 3)
[21, 4] -> (17, 4)
[21, 5] -> (17, 5)
[21, 6] -> (17, 6)
[21, 7] -> (17, 7)
[21, 8] -> (17, 8)
[21, 9] -> (17, 9)
[21, 10] -> (17, 10)
[21, 11] -> (17, 11)
[21, 12] -> (17, 12)
[21, 13] -> (17, 13)
[21, 14] -> (17, 14)
[21, 15] -> (17, 15)
[21, 16] -> (17, 16)
[21, 17] -> (17, 17)
[22, 1] -> (18, 1)
[22, 2] -> (18, 2)
[22, 3] -> (18, 3)
[22, 4] -> (18, 4)
[23, 1] -> (19, 1)
[23, 2] -> (19, 2)
[23, 3] -> (19, 3)
[23, 4] -> (19, 4)
[23, 5] -> (19, 5)
[23, 6] -> (19, 6)
[23, 7] -> (19, 7)
[23, 8] -> (19, 8)
[23, 9] -> (19, 9)
[23, 10] -> (19, 10)
[23, 11] -> (19, 11)
[23, 12] -> (19, 12)
[23, 13] -> (19, 13)
>>>> Translated Text
function y = fcn1(x)
  y = 1;
end

function [y] = fcn2(), y = 2;
end

function [y, z] = fcn3(a)
  y = a + 1;
  function q = fcn4
    q = 3
    %comment1
  end
  z = y; function r = fcn5
    %comment2
    r = 7
  end y = z;
end

function fcn6
  %%helpcomment1
end
%extracomment