1 1
5 9
a(end)
a(end + 1)
a(end : -1 : 1)
a(end, 1)
a(ending)