0 0
8 2
%{
Comment1
%}
a = 1 + 5;
b = 1 - 1;
%{
Comment2
%}