IDENTIFIER 1 1 1 =a
OTHER_WHITESPACE 1 2 1 = 
~ 1 4
