>>>> Source -> Dest
(1, 1) -> [1, 1]
(1, 2) -> [1, 2]
(1, 3) -> [1, 3]
(1, 4) -> [1, 5]
(1, 5) -> [1, 7]
(1, 6) -> [1, 8]
(1, 7) -> [1, 9]
(1, 8) -> [1, 10]
(1, 9) -> [1, 11]
(1, 10) -> [1, 12]
(1, 11) -> [1, 13]
(1, 12) -> [1, 14]
(1, 13) -> [1, 15]
(1, 14) -> [1, 16]
(1, 15) -> [1, 17]
(1, 16) -> [1, 18]
(1, 17) -> [1, 19]
(1, 18) -> [1, 18]
(2, 1) -> [2, 1]
(2, 2) -> [2, 2]
(2, 3) -> [2, 3]
(2, 4) -> [2, 5]
(2, 5) -> [2, 6]
(2, 6) -> [2, 7]
(2, 7) -> [2, 8]
(2, 8) -> [2, 9]
(2, 9) -> [2, 10]
(2, 10) -> [2, 11]
(2, 11) -> [2, 12]
(2, 12) -> [2, 13]
(2, 13) -> [2, 14]
(2, 14) -> [2, 15]
(3, 1) -> [3, 1]
(3, 2) -> [3, 2]
(3, 3) -> [3, 3]
(3, 4) -> [3, 4]
(3, 5) -> [3, 5]
(3, 6) -> [3, 6]
(3, 7) -> [3, 7]
(3, 8) -> [3, 8]
(3, 9) -> [3, 9]
(3, 10) -> [3, 10]
(3, 11) -> [3, 11]
(3, 12) -> [3, 12]
(3, 13) -> [3, 13]
(3, 14) -> [3, 14]
(4, 1) -> [4, 2]
(5, 1) -> [5, 2]
(5, 2) -> [5, 3]
(5, 3) -> [5, 4]
(5, 4) -> [5, 6]
(5, 5) -> [5, 8]
(5, 6) -> [5, 9]
(5, 7) -> [5, 10]
(5, 8) -> [5, 11]
(5, 9) -> [5, 12]
(5, 10) -> [5, 13]
(5, 11) -> [5, 14]
(5, 12) -> [5, 15]
(5, 13) -> [5, 16]
(5, 14) -> [5, 17]
(5, 15) -> [5, 18]
(5, 16) -> [5, 19]
(5, 17) -> [5, 20]
(5, 18) -> [5, 19]
(6, 1) -> [6, 2]
(6, 2) -> [6, 3]
(6, 3) -> [6, 4]
(6, 4) -> [6, 6]
(6, 5) -> [6, 7]
(6, 6) -> [6, 8]
(6, 7) -> [6, 9]
(6, 8) -> [6, 10]
(6, 9) -> [6, 11]
(6, 10) -> [6, 12]
(6, 11) -> [6, 13]
(6, 12) -> [6, 14]
(6, 13) -> [6, 15]
(6, 14) -> [6, 16]
(7, 1) -> [7, 2]
>>>> Dest -> Source
[1, 1] -> (1, 1)
[1, 2] -> (1, 2)
[1, 3] -> (1, 3)
[1, 4] -> (1, 4)
[1, 5] -> (1, 4)
[1, 6] -> (1, 5)
[1, 7] -> (1, 5)
[1, 8] -> (1, 6)
[1, 9] -> (1, 7)
[1, 10] -> (1, 8)
[1, 11] -> (1, 9)
[1, 12] -> (1, 10)
[1, 13] -> (1, 11)
[1, 14] -> (1, 12)
[1, 15] -> (1, 13)
[1, 16] -> (1, 14)
[1, 17] -> (1, 15)
[1, 18] -> (1, 18)
[1, 19] -> (1, 19)
[1, 20] -> (1, 20)
[2, 1] -> (2, 1)
[2, 2] -> (2, 2)
[2, 3] -> (2, 3)
[2, 4] -> (2, 4)
[2, 5] -> (2, 4)
[2, 6] -> (2, 5)
[2, 7] -> (2, 6)
[2, 8] -> (2, 7)
[2, 9] -> (2, 8)
[2, 10] -> (2, 9)
[2, 11] -> (2, 10)
[2, 12] -> (2, 11)
[2, 13] -> (2, 12)
[2, 14] -> (2, 13)
[2, 15] -> (2, 14)
[2, 16] -> (2, 15)
[3, 1] -> (3, 1)
[3, 2] -> (3, 2)
[3, 3] -> (3, 3)
[3, 4] -> (3, 4)
[3, 5] -> (3, 5)
[3, 6] -> (3, 6)
[3, 7] -> (3, 7)
[3, 8] -> (3, 8)
[3, 9] -> (3, 9)
[3, 10] -> (3, 10)
[3, 11] -> (3, 11)
[3, 12] -> (3, 12)
[3, 13] -> (3, 13)
[3, 14] -> (3, 14)
[3, 15] -> (3, 15)
[4, 1] -> (4, 0)
[4, 2] -> (4, 1)
[5, 1] -> (5, 0)
[5, 2] -> (5, 1)
[5, 3] -> (5, 2)
[5, 4] -> (5, 3)
[5, 5] -> (5, 4)
[5, 6] -> (5, 4)
[5, 7] -> (5, 5)
[5, 8] -> (5, 5)
[5, 9] -> (5, 6)
[5, 10] -> (5, 7)
[5, 11] -> (5, 8)
[5, 12] -> (5, 9)
[5, 13] -> (5, 10)
[5, 14] -> (5, 11)
[5, 15] -> (5, 12)
[5, 16] -> (5, 13)
[5, 17] -> (5, 14)
[5, 18] -> (5, 15)
[5, 19] -> (5, 18)
[5, 20] -> (5, 19)
[6, 1] -> (6, 0)
[6, 2] -> (6, 1)
[6, 3] -> (6, 2)
[6, 4] -> (6, 3)
[6, 5] -> (6, 4)
[6, 6] -> (6, 4)
[6, 7] -> (6, 5)
[6, 8] -> (6, 6)
[6, 9] -> (6, 7)
[6, 10] -> (6, 8)
[6, 11] -> (6, 9)
[6, 12] -> (6, 10)
[6, 13] -> (6, 11)
[6, 14] -> (6, 12)
[6, 15] -> (6, 13)
[6, 16] -> (6, 14)
[7, 1] -> (7, 0)
[7, 2] -> (7, 1)
[7, 3] -> (7, 2)
[7, 4] -> (7, 3)
>>>> Translated Text
cmd('a',...comment1
'b',...comment2
'c'...comment3
)
cmd('a',...comment4
'b',...comment5
'c')