>>>> Destination Language -> Source Language
[1, 1] -> (1, 1)
[1, 2] -> (1, 2)
[1, 3] -> (1, 3)
[2, 1] -> (2, 1)
[2, 2] -> (2, 2)
[2, 3] -> (2, 3)
[2, 4] -> (2, 4)
[3, 1] -> (3, 1)
[3, 2] -> (3, 2)
[3, 3] -> (3, 3)
[3, 4] -> (3, 4)
[4, 1] -> (4, 1)
[4, 2] -> (4, 2)
[4, 3] -> (4, 3)
[4, 4] -> (4, 4)
[5, 1] -> (5, 1)
[5, 2] -> (5, 2)
[5, 3] -> (5, 3)
[5, 4] -> (5, 4)
[5, 5] -> (5, 5)
[5, 6] -> (5, 6)
[6, 1] -> (6, 1)
[6, 2] -> (6, 2)
[6, 3] -> (6, 3)
[6, 4] -> (6, 4)
[6, 5] -> (6, 5)
[6, 6] -> (6, 6)
[7, 1] -> (7, 1)
[7, 2] -> (7, 2)
[7, 3] -> (7, 3)
[7, 4] -> (7, 4)
[7, 5] -> (7, 5)
[7, 6] -> (7, 6)
[7, 7] -> (7, 7)
[8, 1] -> (8, 1)
[8, 2] -> (8, 2)
[8, 3] -> (8, 3)
[9, 1] -> (9, 1)
[9, 2] -> (9, 2)
[9, 3] -> (9, 3)
[10, 1] -> (10, 1)
[10, 2] -> (10, 2)
[10, 3] -> (10, 3)
[11, 1] -> (11, 1)
[11, 2] -> (11, 2)
[11, 3] -> (11, 3)
[12, 1] -> (12, 1)
[13, 1] -> (13, 1)
[13, 2] -> (13, 2)
[13, 3] -> (13, 3)
[14, 1] -> (14, 1)
[14, 2] -> (14, 2)
[14, 3] -> (14, 3)
[15, 1] -> (15, 1)
[15, 2] -> (15, 2)
[15, 3] -> (15, 3)
[16, 1] -> (16, 1)
[16, 2] -> (16, 2)
[16, 3] -> (16, 3)
[17, 1] -> (17, 1)
[17, 2] -> (17, 2)
[17, 3] -> (17, 3)
[18, 1] -> (18, 1)
[18, 2] -> (18, 2)
[18, 3] -> (18, 3)
[19, 1] -> (19, 1)
[20, 1] -> (20, 1)
[20, 2] -> (20, 2)
[20, 3] -> (20, 3)
[21, 1] -> (21, 1)
[21, 2] -> (21, 2)
[21, 3] -> (21, 3)
[22, 1] -> (22, 1)
[22, 2] -> (22, 2)
[22, 3] -> (22, 3)
[23, 1] -> (23, 1)
[23, 2] -> (23, 2)
[23, 3] -> (23, 3)
[24, 1] -> (24, 1)
[24, 2] -> (24, 2)
[24, 3] -> (24, 3)
[25, 1] -> (25, 1)
[25, 2] -> (25, 2)
[25, 3] -> (25, 3)
[26, 1] -> (26, 1)
>>>> Translated Text
[]
[a]
[a]
[a]
[a;b]
[a;b]
[a;...
b]
[a
b]
[]

[]
[]
[]
[]
[]
[]

[]
[]
[]
[]
[]
[]

