>>>> Destination Language -> Source Language
[1, 1] -> (1, 1)
[1, 2] -> (1, 2)
[1, 3] -> (1, 3)
[1, 4] -> (1, 4)
[1, 5] -> (1, 5)
[1, 6] -> (1, 6)
[1, 7] -> (1, 7)
[1, 8] -> (1, 8)
[1, 9] -> (1, 9)
[1, 10] -> (1, 10)
[1, 11] -> (1, 11)
[2, 1] -> (2, 1)
[2, 2] -> (2, 2)
[2, 3] -> (2, 3)
[2, 4] -> (2, 4)
[3, 1] -> (2, 1)
[3, 2] -> (2, 1)
[3, 3] -> (2, 1)
[3, 4] -> (2, 1)
[3, 5] -> (2, 2)
[3, 6] -> (2, 3)
[3, 7] -> (2, 4)
[3, 8] -> (2, 5)
[3, 9] -> (2, 6)
[3, 10] -> (2, 7)
[3, 11] -> (2, 8)
[3, 12] -> (2, 9)
[3, 13] -> (2, 10)
[3, 14] -> (2, 11)
[3, 15] -> (2, 12)
[4, 1] -> (3, 1)
[4, 2] -> (3, 2)
[4, 3] -> (3, 3)
[4, 4] -> (3, 4)
[5, 1] -> (4, 1)
[5, 2] -> (4, 2)
[5, 3] -> (4, 3)
[5, 4] -> (4, 4)
[5, 5] -> (4, 5)
[5, 6] -> (4, 6)
[5, 7] -> (4, 7)
[5, 8] -> (4, 8)
[5, 9] -> (4, 9)
[5, 10] -> (4, 10)
[5, 11] -> (4, 11)
[5, 12] -> (4, 12)
[5, 13] -> (4, 13)
[5, 14] -> (4, 14)
[5, 15] -> (4, 15)
[5, 16] -> (4, 16)
[5, 17] -> (4, 17)
[5, 18] -> (4, 18)
[5, 19] -> (4, 19)
[5, 20] -> (4, 20)
[6, 1] -> (4, 1)
[6, 2] -> (4, 1)
[6, 3] -> (4, 1)
[6, 4] -> (4, 1)
[7, 1] -> (5, 1)
[7, 2] -> (5, 2)
[7, 3] -> (5, 3)
[7, 4] -> (5, 4)
[7, 5] -> (5, 5)
[7, 6] -> (5, 6)
[7, 7] -> (5, 7)
[7, 8] -> (5, 8)
[7, 9] -> (5, 9)
[7, 10] -> (5, 10)
[7, 11] -> (5, 11)
[7, 12] -> (5, 12)
[7, 13] -> (5, 13)
[7, 14] -> (5, 14)
[7, 15] -> (5, 15)
[7, 16] -> (5, 16)
[8, 1] -> (6, 1)
[8, 2] -> (6, 2)
[8, 3] -> (6, 3)
[8, 4] -> (6, 4)
[8, 5] -> (6, 5)
[8, 6] -> (6, 6)
[8, 7] -> (6, 7)
[8, 8] -> (6, 8)
[8, 9] -> (6, 9)
[8, 10] -> (6, 10)
[8, 11] -> (6, 11)
[8, 12] -> (6, 12)
[8, 13] -> (6, 13)
[8, 14] -> (6, 14)
[8, 15] -> (6, 15)
[8, 16] -> (6, 16)
[9, 1] -> (6, 1)
[9, 2] -> (6, 1)
[9, 3] -> (6, 1)
[9, 4] -> (6, 1)
[9, 5] -> (6, 2)
[9, 6] -> (6, 3)
[9, 7] -> (6, 4)
[9, 8] -> (6, 5)
[9, 9] -> (6, 6)
[9, 10] -> (6, 7)
[9, 11] -> (6, 8)
[10, 1] -> (7, 1)
[10, 2] -> (7, 2)
[10, 3] -> (7, 3)
[10, 4] -> (7, 4)
>>>> Translated Text
function a
end
function x = b
end
function [x, y] = c
end
function d, end
function e, end
function f
end
