>>>> Destination Language -> Source Language
[1, 1] -> (1, 2)
[1, 2] -> (1, 2)
[1, 3] -> (1, 4)
[1, 4] -> (1, 6)
[1, 5] -> (1, 8)
[1, 6] -> (1, 10)
[1, 7] -> (1, 11)
[1, 8] -> (1, 11)
[1, 9] -> (1, 13)
[1, 10] -> (1, 13)
[1, 11] -> (1, 14)
[1, 12] -> (1, 15)
[2, 1] -> (2, 26)
[2, 2] -> (2, 27)
[2, 3] -> (2, 28)
[2, 4] -> (2, 29)
[2, 5] -> (2, 30)
[2, 6] -> (2, 31)
[2, 7] -> (2, 32)
[2, 8] -> (2, 33)
[2, 9] -> (2, 34)
[2, 10] -> (2, 35)
[2, 11] -> (2, 36)
[2, 12] -> (2, 37)
[2, 13] -> (2, 38)
[2, 14] -> (2, 39)
[3, 1] -> (3, 26)
[3, 2] -> (3, 27)
[3, 3] -> (3, 28)
[3, 4] -> (3, 29)
[3, 5] -> (3, 30)
[3, 6] -> (3, 31)
[3, 7] -> (3, 32)
[3, 8] -> (3, 33)
[3, 9] -> (3, 34)
[3, 10] -> (3, 35)
[3, 11] -> (3, 36)
[3, 12] -> (3, 37)
[4, 1] -> (4, 26)
[4, 2] -> (4, 27)
[4, 3] -> (4, 28)
[4, 4] -> (4, 29)
[4, 5] -> (4, 30)
[4, 6] -> (4, 31)
[4, 7] -> (4, 32)
[4, 8] -> (4, 33)
[4, 9] -> (4, 34)
[4, 10] -> (4, 35)
[4, 11] -> (4, 36)
[4, 12] -> (4, 37)
[4, 13] -> (4, 38)
[4, 14] -> (4, 39)
[5, 1] -> (5, 26)
[5, 2] -> (5, 27)
[5, 3] -> (5, 28)
[5, 4] -> (5, 29)
[5, 5] -> (5, 30)
[5, 6] -> (5, 31)
[5, 7] -> (5, 32)
[5, 8] -> (5, 33)
[5, 9] -> (5, 34)
[5, 10] -> (5, 35)
[5, 11] -> (5, 36)
[5, 12] -> (5, 37)
[6, 1] -> (6, 26)
[6, 2] -> (6, 27)
[6, 3] -> (6, 28)
[6, 4] -> (6, 29)
[6, 5] -> (6, 30)
[6, 6] -> (6, 31)
[6, 7] -> (6, 32)
[6, 8] -> (6, 33)
[6, 9] -> (6, 34)
[6, 10] -> (6, 35)
[6, 11] -> (6, 36)
[6, 12] -> (6, 37)
[6, 13] -> (6, 38)
[6, 14] -> (6, 39)
[7, 1] -> (7, 26)
[7, 2] -> (7, 27)
[7, 3] -> (7, 28)
[7, 4] -> (7, 29)
[7, 5] -> (7, 30)
[7, 6] -> (7, 31)
[7, 7] -> (7, 32)
[7, 8] -> (7, 33)
[7, 9] -> (7, 34)
[7, 10] -> (7, 35)
[7, 11] -> (7, 36)
[7, 12] -> (7, 37)
[8, 1] -> (8, 26)
[8, 2] -> (8, 27)
[8, 3] -> (8, 28)
[8, 4] -> (8, 29)
[8, 5] -> (8, 30)
[8, 6] -> (8, 31)
[8, 7] -> (8, 32)
[8, 8] -> (8, 33)
[8, 9] -> (8, 34)
[8, 10] -> (8, 35)
[8, 11] -> (8, 36)
[8, 12] -> (8, 37)
[8, 13] -> (8, 38)
[8, 14] -> (8, 39)
[9, 1] -> (9, 26)
[9, 2] -> (9, 27)
[9, 3] -> (9, 28)
[9, 4] -> (9, 29)
[9, 5] -> (9, 30)
[9, 6] -> (9, 31)
[9, 7] -> (9, 32)
[9, 8] -> (9, 33)
[9, 9] -> (9, 34)
[9, 10] -> (9, 35)
[9, 11] -> (9, 36)
[9, 12] -> (9, 37)
[10, 1] -> (10, 26)
[10, 2] -> (10, 27)
[10, 3] -> (10, 28)
[10, 4] -> (10, 29)
[10, 5] -> (10, 30)
[10, 6] -> (10, 31)
[10, 7] -> (10, 32)
[10, 8] -> (10, 33)
[10, 9] -> (10, 34)
[10, 10] -> (10, 35)
[10, 11] -> (10, 36)
[10, 12] -> (10, 37)
[10, 13] -> (10, 38)
[10, 14] -> (10, 39)
[11, 1] -> (11, 26)
[11, 2] -> (11, 27)
[11, 3] -> (11, 28)
[11, 4] -> (11, 29)
[11, 5] -> (11, 30)
[11, 6] -> (11, 31)
[11, 7] -> (11, 32)
[11, 8] -> (11, 33)
[11, 9] -> (11, 34)
[11, 10] -> (11, 35)
[11, 11] -> (11, 36)
[11, 12] -> (11, 37)
[11, 13] -> (11, 38)
[11, 14] -> (11, 39)
[11, 15] -> (11, 40)
[11, 16] -> (11, 41)
[12, 1] -> (12, 26)
[12, 2] -> (12, 27)
[12, 3] -> (12, 28)
[12, 4] -> (12, 29)
[12, 5] -> (12, 30)
[12, 6] -> (12, 31)
[12, 7] -> (12, 32)
[12, 8] -> (12, 33)
[12, 9] -> (12, 34)
[12, 10] -> (12, 35)
[12, 11] -> (12, 36)
[12, 12] -> (12, 37)
[12, 13] -> (12, 38)
[12, 14] -> (12, 39)
[13, 1] -> (13, 26)
[13, 2] -> (13, 27)
[13, 3] -> (13, 28)
[13, 4] -> (13, 29)
[13, 5] -> (13, 30)
[13, 6] -> (13, 31)
[13, 7] -> (13, 32)
[13, 8] -> (13, 33)
[13, 9] -> (13, 34)
[13, 10] -> (13, 35)
[13, 11] -> (13, 36)
[13, 12] -> (13, 37)
[13, 13] -> (13, 38)
[13, 14] -> (13, 39)
[14, 1] -> (14, 26)
[14, 2] -> (14, 27)
[14, 3] -> (14, 28)
[14, 4] -> (14, 29)
[14, 5] -> (14, 30)
[14, 6] -> (14, 31)
[14, 7] -> (14, 32)
[14, 8] -> (14, 33)
[14, 9] -> (14, 34)
[14, 10] -> (14, 35)
[14, 11] -> (14, 36)
[14, 12] -> (14, 37)
[15, 1] -> (15, 26)
[15, 2] -> (15, 27)
[15, 3] -> (15, 28)
[15, 4] -> (15, 29)
[15, 5] -> (15, 30)
[15, 6] -> (15, 31)
[15, 7] -> (15, 32)
[15, 8] -> (15, 33)
[15, 9] -> (15, 34)
[15, 10] -> (15, 35)
[15, 11] -> (15, 36)
[15, 12] -> (15, 37)
[15, 13] -> (15, 38)
[15, 14] -> (15, 39)
>>>> Translated Text
cmd('aaaa')
cmd('a''aaa')
cmd('aaaa')
cmd('aaa''a')
cmd('aaaa')
cmd('a''aaa')
cmd('aaaa')
cmd('aaa''a')
cmd('aaaa')
cmd('aa''aa')
cmd('aa''a''a')
cmd('aa''aa')
cmd('aaa''a')
cmd('aaaa')
cmd('aaaa''')
