>>>> Destination Language -> Source Language
[1, 1] -> (1, 1)
[1, 2] -> (1, 2)
[1, 3] -> (1, 3)
[1, 4] -> (1, 4)
[1, 5] -> (1, 5)
[1, 6] -> (1, 6)
[1, 7] -> (1, 7)
[1, 8] -> (1, 8)
[1, 9] -> (1, 9)
[1, 10] -> (1, 10)
[1, 11] -> (1, 11)
[2, 1] -> (1, 11)
[2, 2] -> (1, 11)
[2, 3] -> (1, 11)
[2, 4] -> (1, 11)
[3, 1] -> (1, 11)
[4, 1] -> (2, 1)
[4, 2] -> (2, 2)
[4, 3] -> (2, 3)
[4, 4] -> (2, 4)
[4, 5] -> (2, 5)
[4, 6] -> (2, 6)
[4, 7] -> (2, 7)
[4, 8] -> (2, 8)
[4, 9] -> (2, 9)
[4, 10] -> (2, 10)
[4, 11] -> (2, 11)
[4, 12] -> (2, 11)
[4, 13] -> (2, 12)
[4, 14] -> (2, 13)
[4, 15] -> (2, 14)
[4, 16] -> (2, 15)
[4, 17] -> (2, 16)
[4, 18] -> (2, 17)
[4, 19] -> (2, 18)
[4, 20] -> (2, 19)
[4, 21] -> (2, 20)
[4, 22] -> (2, 21)
[4, 23] -> (2, 22)
[5, 1] -> (3, 1)
[5, 2] -> (3, 2)
[5, 3] -> (3, 3)
[5, 4] -> (3, 4)
[5, 5] -> (3, 5)
[5, 6] -> (3, 6)
[5, 7] -> (3, 7)
[5, 8] -> (3, 8)
[5, 9] -> (3, 9)
[5, 10] -> (3, 10)
[5, 11] -> (3, 11)
[5, 12] -> (3, 12)
[5, 13] -> (3, 13)
[5, 14] -> (3, 14)
[5, 15] -> (3, 15)
[5, 16] -> (3, 16)
[6, 1] -> (4, 1)
[6, 2] -> (4, 2)
[6, 3] -> (4, 3)
[6, 4] -> (4, 4)
[6, 5] -> (4, 5)
[6, 6] -> (4, 6)
[6, 7] -> (4, 7)
[6, 8] -> (4, 8)
[6, 9] -> (4, 9)
[6, 10] -> (4, 10)
[6, 11] -> (4, 11)
[6, 12] -> (4, 11)
[6, 13] -> (4, 12)
[6, 14] -> (4, 13)
[6, 15] -> (4, 13)
[6, 16] -> (4, 14)
[6, 17] -> (4, 15)
[6, 18] -> (4, 15)
[6, 19] -> (4, 16)
[6, 20] -> (4, 17)
[6, 21] -> (4, 18)
[6, 22] -> (4, 19)
[7, 1] -> (5, 1)
[7, 2] -> (5, 2)
[7, 3] -> (5, 3)
[7, 4] -> (5, 5)
[7, 5] -> (5, 5)
[7, 6] -> (5, 5)
[7, 7] -> (5, 6)
[7, 8] -> (5, 7)
[7, 9] -> (5, 7)
[7, 10] -> (5, 7)
[7, 11] -> (5, 9)
[7, 12] -> (5, 9)
[7, 13] -> (5, 11)
[7, 14] -> (5, 13)
[7, 15] -> (5, 15)
[7, 16] -> (5, 17)
[7, 17] -> (5, 17)
[7, 18] -> (5, 17)
[7, 19] -> (5, 17)
[8, 1] -> (5, 17)
[8, 2] -> (5, 17)
[8, 3] -> (5, 17)
>>>> Translated Text
function q
end

function [u, v] = f(y)
x = [1 : 5 : y]
x = x .* [1, 2, 3, 4]
cmd('end','aaaaa')
end