>>>> Destination Language -> Source Language
[1, 1] -> (1, 1)
[1, 2] -> (1, 2)
[1, 3] -> (1, 3)
[1, 4] -> (1, 4)
[1, 5] -> (1, 5)
[1, 6] -> (1, 6)
[1, 7] -> (1, 7)
[1, 8] -> (1, 8)
[1, 9] -> (1, 9)
[1, 10] -> (1, 10)
[1, 11] -> (1, 11)
[1, 12] -> (1, 11)
[1, 13] -> (1, 11)
[1, 14] -> (1, 11)
[1, 15] -> (1, 11)
[2, 1] -> (1, 12)
[2, 2] -> (1, 13)
[2, 3] -> (1, 14)
[2, 4] -> (1, 15)
[2, 5] -> (1, 16)
[2, 6] -> (1, 17)
[2, 7] -> (1, 18)
[2, 8] -> (1, 19)
[2, 9] -> (1, 20)
[2, 10] -> (1, 21)
[2, 11] -> (1, 22)
[3, 1] -> (1, 22)
[4, 1] -> (1, 22)
[4, 2] -> (1, 22)
[4, 3] -> (1, 22)
>>>> Translated Text
function d,end
function e

end